<?xml version='1.0' encoding='UTF-8'?>
<testsuites>
  <testsuite name="Test Suite" device="R5CR806NCYF" tests="1" failures="0" time="26">
    <testcase id="failLoginFlow" name="failLoginFlow" classname="failLoginFlow" time="26" status="SUCCESS"/>
  </testsuite>
</testsuites>
